#-----------------------------------------------------------
# Vivado v2024.2 (64-bit)
# SW Build 5239630 on Fri Nov 08 22:34:34 MST 2024
# IP Build 5239520 on Sun Nov 10 16:12:51 MST 2024
# SharedData Build 5239561 on Fri Nov 08 14:39:27 MST 2024
# Start of session at: Wed Apr 16 16:27:57 2025
# Process ID         : 1185931
# Current directory  : /home/haas/Workspace/CNN_ACELERATOR/cnn_hardware_accelerator_VIVADO/cnn_hardware_accelerator_VIVADO/cnn_hardware_accelerator_VIVADO.runs/single_port_ram_synth_1
# Command line       : vivado -log single_port_ram.vds -product Vivado -mode batch -messageDb vivado.pb -notrace -source single_port_ram.tcl
# Log file           : /home/haas/Workspace/CNN_ACELERATOR/cnn_hardware_accelerator_VIVADO/cnn_hardware_accelerator_VIVADO/cnn_hardware_accelerator_VIVADO.runs/single_port_ram_synth_1/single_port_ram.vds
# Journal file       : /home/haas/Workspace/CNN_ACELERATOR/cnn_hardware_accelerator_VIVADO/cnn_hardware_accelerator_VIVADO/cnn_hardware_accelerator_VIVADO.runs/single_port_ram_synth_1/vivado.jou
# Running On         : leds-inspiron3020
# Platform           : Ubuntu
# Operating System   : Ubuntu 24.04.2 LTS
# Processor Detail   : 13th Gen Intel(R) Core(TM) i7-13700
# CPU Frequency      : 4948.753 MHz
# CPU Physical cores : 16
# CPU Logical cores  : 24
# Host memory        : 16438 MB
# Swap memory        : 17179 MB
# Total Virtual      : 33618 MB
# Available Virtual  : 22088 MB
#-----------------------------------------------------------
source single_port_ram.tcl -notrace
