logic__1765: conv1_op__parameterized5__GB3, 
reg__22: cnn_top__GCB3, conv1_op__parameterized5__GB2, conv1_op__parameterized5__GB1, conv1_op__parameterized5__GB0, conv3, 
muxpart__192: conv3, 
case__295: cnn_top__GCB3, 
logic__1333: conv4__GC0, 
logic__149: cnn_top__GCB3, conv1_op__parameterized5__GB2, conv1_op__parameterized5__GB1, conv1_op__parameterized5__GB0, conv3, 
case__475: conv3, 
muxpart__203: conv3, 
case__128: cnn_top__GCB3, 
case__266: cnn_top__GCB3, 
datapath__85: conv4__GC0, 
muxpart__352: conv1_op__parameterized5__GB3, 
reg__42: cnn_top__GCB3, 
logic__527: cnn_top__GCB3, 
datapath__37: cnn_top__GCB3, 
muxpart__301: conv1_op__parameterized5__GB3, 
muxpart__162: conv3, 
logic__520: cnn_top__GCB3, 
reg__31: cnn_top__GCB3, conv1_op__parameterized5__GB2, conv1_op__parameterized5__GB1, conv1_op__parameterized5__GB0, conv3, 
conv2: cnn_top__GCB3, 
case__652: conv1_op__parameterized5__GB3, 
datapath__57: cnn_top__GCB2, 
logic__165: cnn_top__GCB3, conv1_op__parameterized5__GB1, conv3, 
logic__207: cnn_top__GCB3, 
case__118: cnn_top__GCB3, 
muxpart__313: conv1_op__parameterized5__GB3, 
case__123: cnn_top__GCB3, 
logic__526: cnn_top__GCB3, 
datapath__10: cnn_top__GCB3, conv4__GC0, conv3, 
reg__32: cnn_top__GCB3, conv1_op__parameterized5__GB2, conv1_op__parameterized5__GB1, conv1_op__parameterized5__GB0, conv3, 
logic__419: cnn_top__GCB3, 
rebuff1__parameterized11: cnn_top__GCB2, 
logic__1133: conv3, 
case__771: conv1_op__parameterized5__GB2, 
logic__525: cnn_top__GCB3, 
muxpart__226: conv3, 
counter__20: cnn_top__GCB3, 
case__264: cnn_top__GCB3, 
counter__51: conv4__GC0, 
case__325: cnn_top__GCB3, 
case__442: conv3, 
muxpart__507: conv1_op__parameterized5__GB3, 
one_hot_encoder__parameterized5: cnn_top__GCB3, 
logic__580: cnn_top__GCB3, 
muxpart__391: conv1_op__parameterized5__GB3, 
datapath__11: cnn_top__GCB3, cnn_top__GCB1, conv4__GC0, conv3, 
logic__657: cnn_top__GCB2, 
muxpart__188: conv3, 
pool1_op: cnn_top__GCB3, 
counter__36: cnn_top__GCB2, 
muxpart__294: conv1_op__parameterized5__GB3, 
conv4_bias_bbox_18: conv4__GC0, 
logic__1823: conv1_op__parameterized5__GB3, 
muxpart__198: conv3, 
case__37: cnn_top__GCB3, 
datapath__25: cnn_top__GCB3, 
muxpart__70: cnn_top__GCB3, 
case__677: conv1_op__parameterized5__GB3, 
counter__40: cnn_top__GCB2, 
case__125: cnn_top__GCB3, 
muxpart__451: conv1_op__parameterized5__GB1, 
case__660: conv1_op__parameterized5__GB3, 
logic__2028: conv1_op__parameterized5__GB1, 
reg__12: cnn_top__GCB3, conv4__GC0, conv3, 
logic__2178: cnn_top__GCB1, 
muxpart__211: conv3, 
case__634: conv1_op__parameterized5__GB3, 
datapath__18: cnn_top__GCB3, 
muxpart__305: conv1_op__parameterized5__GB3, 
case__736: conv1_op__parameterized5__GB1, 
nucleo_convolucional: cnn_top__GCB3, conv1_op__parameterized5__GB2, conv1_op__parameterized5__GB1, conv1_op__parameterized5__GB0, conv3, 
muxpart__292: conv1_op__parameterized5__GB3, 
conv1_crt__parameterized5: conv4__GC0, 
logic__60: cnn_top__GCB3, 
muxpart__171: conv3, 
logic__653: cnn_top__GCB2, 
muxpart__322: conv1_op__parameterized5__GB3, 
case__104: cnn_top__GCB3, 
reg__94: cnn_top__GCB2, 
logic__1810: conv1_op__parameterized5__GB3, 
muxpart: cnn_top__GCB3, 
muxpart__79: cnn_top__GCB3, 
case__290: cnn_top__GCB3, 
logic__276: cnn_top__GCB3, 
pool1: cnn_top__GCB3, 
case__458: conv3, 
muxpart__384: conv1_op__parameterized5__GB3, 
case__636: conv1_op__parameterized5__GB3, 
logic__1346: conv4__GC0, 
muxpart__406: conv1_op__parameterized5__GB3, 
rebuffer_crt__parameterized11: cnn_top__GCB2, 
muxpart__509: conv1_op__parameterized5__GB3, 
muxpart__455: conv1_op__parameterized5__GB3, 
counter__12: cnn_top__GCB3, 
logic__757: conv3, 
muxpart__308: conv1_op__parameterized5__GB3, 
datapath__23: cnn_top__GCB3, 
muxpart__150: conv3, 
muxpart__424: conv1_op__parameterized5__GB1, 
logic__153: cnn_top__GCB3, conv1_op__parameterized5__GB2, conv1_op__parameterized5__GB1, conv1_op__parameterized5__GB0, conv3, 
case__425: conv3, 
logic__1017: conv3, 
generic_ram_bbox_6: cnn_top__GCB3, conv1_op__parameterized5__GB2, conv1_op__parameterized5__GB1, conv1_op__parameterized5__GB0, conv3, 
muxpart__225: conv3, 
conv1_op__parameterized5__GB1: conv1_op__parameterized5__GB1, 
muxpart__336: conv1_op__parameterized5__GB3, 
muxpart__459: conv1_op__parameterized5__GB3, 
logic__529: cnn_top__GCB3, 
logic__315: cnn_top__GCB3, 
muxpart__196: conv3, 
case__651: conv1_op__parameterized5__GB3, 
case__789: conv1_op__parameterized5__GB0, 
counter__2: cnn_top__GCB3, 
reg__11: cnn_top__GCB3, 
logic__1951: conv1_op__parameterized5__GB1, 
case__785: conv1_op__parameterized5__GB0, 
muxpart__140: conv3, 
conv1_op__parameterized1: cnn_top__GCB3, 
logic__1777: conv1_op__parameterized5__GB3, 
muxpart__408: conv1_op__parameterized5__GB3, 
reg__89: cnn_top__GCB2, 
case__697: conv1_op__parameterized5__GB1, 
reg__105: cnn_top__GCB2, 
datapath__84: conv4__GC0, 
muxpart__494: conv1_op__parameterized5__GB3, 
case__770: conv1_op__parameterized5__GB2, 
datapath__79: cnn_top__GCB2, 
datapath__59: cnn_top__GCB2, 
muxpart__160: conv3, 
reg__95: cnn_top__GCB2, 
case__293: cnn_top__GCB3, 
counter__7: cnn_top__GCB3, cnn_top__GCB2, conv4__GC0, conv1_op__parameterized5__GB3, conv3, 
muxpart__464: conv1_op__parameterized5__GB3, 
logic__1930: conv1_op__parameterized5__GB1, 
logic__1063: conv3, 
logic__1018: conv3, 
logic__2014: conv1_op__parameterized5__GB1, 
mult_32_32_64: cnn_top__GCB3, conv1_op__parameterized5__GB2, conv3, 
case__672: conv1_op__parameterized5__GB3, 
case__713: conv1_op__parameterized5__GB0, 
muxpart__439: conv1_op__parameterized5__GB1, 
case__94: cnn_top__GCB3, 
counter__53: cnn_top__GCB1, conv4__GC0, 
case__758: conv1_op__parameterized5__GB2, 
logic__1770: conv1_op__parameterized5__GB3, 
reg__34: cnn_top__GCB3, conv1_op__parameterized5__GB2, conv1_op__parameterized5__GB1, conv1_op__parameterized5__GB0, conv3, 
counter__11: cnn_top__GCB3, 
logic__2151: cnn_top__GCB1, 
logic__418: cnn_top__GCB3, 
case__421: conv3, 
case__710: conv1_op__parameterized5__GB1, 
muxpart__334: conv1_op__parameterized5__GB3, 
registrador: cnn_top__GCB3, cnn_top__GCB1, conv1_op__parameterized5__GB2, conv1_op__parameterized5__GB1, conv1_op__parameterized5__GB0, conv3, 
muxpart__460: conv1_op__parameterized5__GB3, 
muxpart__212: conv3, 
reg__51: cnn_top__GCB3, cnn_top__GCB2, 
counter__15: cnn_top__GCB3, 
logic__656: cnn_top__GCB2, 
cnn_top__GCB2: cnn_top__GCB2, 
logic__1147: cnn_top__GCB2, 
logic__1209: cnn_top__GCB2, 
case__627: conv4__GC0, 
logic__2160: cnn_top__GCB1, 
datapath__81: conv4__GC0, 
muxpart__357: conv1_op__parameterized5__GB3, 
counter__parameterized1: cnn_top__GCB3, 
muxpart__478: conv1_op__parameterized5__GB3, 
reg__59: cnn_top__GCB3, 
counter__30: cnn_top__GCB3, 
case__727: conv1_op__parameterized5__GB1, 
generic_ram_bbox_7: cnn_top__GCB3, conv1_op__parameterized5__GB2, conv1_op__parameterized5__GB1, conv1_op__parameterized5__GB0, conv3, 
muxpart__177: conv3, 
reg__28: cnn_top__GCB3, conv1_op__parameterized5__GB2, conv1_op__parameterized5__GB1, conv1_op__parameterized5__GB0, conv3, 
logic__235: cnn_top__GCB3, 
muxpart__63: cnn_top__GCB3, 
case__100: cnn_top__GCB3, conv1_op__parameterized5__GB2, conv1_op__parameterized5__GB1, conv1_op__parameterized5__GB0, conv3, 
registrador__parameterized2: cnn_top__GCB1, 
logic__549: cnn_top__GCB3, 
logic__236: cnn_top__GCB3, 
case__258: cnn_top__GCB3, 
case__437: conv3, 
logic__171: cnn_top__GCB3, conv1_op__parameterized5__GB1, conv3, 
case__684: conv1_op__parameterized5__GB3, 
logic__1769: conv1_op__parameterized5__GB3, 
reg__50: cnn_top__GCB3, cnn_top__GCB2, 
logic__570: cnn_top__GCB3, 
logic__2177: cnn_top__GCB1, 
muxpart__383: conv1_op__parameterized5__GB3, 
muxpart__492: conv1_op__parameterized5__GB3, 
logic__646: cnn_top__GCB2, 
logic__535: cnn_top__GCB3, 
logic__1056: conv3, 
case__725: conv1_op__parameterized5__GB1, 
case__774: conv1_op__parameterized5__GB1, 
generic_ram_bbox_9: cnn_top__GCB3, cnn_top__GCB2, conv3, 
logic__1867: conv1_op__parameterized5__GB1, 
datapath__61: conv3, 
logic__233: cnn_top__GCB3, 
datapath__86: conv4__GC0, 
muxpart__438: conv1_op__parameterized5__GB1, 
muxpart__466: conv1_op__parameterized5__GB3, 
logic__1784: conv1_op__parameterized5__GB3, 
datapath__51: cnn_top__GCB3, 
logic__2153: cnn_top__GCB1, 
reg__57: cnn_top__GCB3, 
logic__1829: conv1_op__parameterized5__GB3, 
logic__1772: conv1_op__parameterized5__GB3, 
muxpart__247: conv3, 
muxpart__142: conv3, 
case__486: conv3, 
case__779: conv1_op__parameterized5__GB0, 
rebuffer_crt__parameterized9: cnn_top__GCB2, 
logic__131: cnn_top__GCB3, 
muxpart__346: conv1_op__parameterized5__GB3, 
muxpart__556: cnn_top__GCB1, 
reg__72: cnn_top__GCB3, 
reg__107: cnn_top__GCB2, 
muxpart__420: conv1_op__parameterized5__GB1, 
logic__1763: conv1_op__parameterized5__GB3, 
case__744: conv1_op__parameterized5__GB0, 
datapath__30: cnn_top__GCB3, cnn_top__GCB2, 
fc_op: cnn_top__GCB1, 
logic__1782: conv1_op__parameterized5__GB3, 
case__764: conv1_op__parameterized5__GB2, 
ram: conv1_op__parameterized5__GB3, 
logic__1832: conv1_op__parameterized5__GB1, 
datapath__8: cnn_top__GCB3, 
logic__991: conv3, 
case__281: cnn_top__GCB3, 
muxpart__479: conv1_op__parameterized5__GB3, 
muxpart__404: conv1_op__parameterized5__GB3, 
logic__1027: conv3, 
logic__1004: conv3, 
conv1_crt__parameterized1: cnn_top__GCB3, 
logic__992: conv3, 
counter__48: cnn_top__GCB2, 
muxpart__195: conv3, 
case__446: conv3, 
muxpart__221: conv3, 
case__103: cnn_top__GCB3, 
muxpart__339: conv1_op__parameterized5__GB3, 
case__671: conv1_op__parameterized5__GB3, 
muxpart__503: conv1_op__parameterized5__GB3, 
muxpart__515: conv1_op__parameterized5__GB3, 
case__683: conv1_op__parameterized5__GB3, 
logic__584: cnn_top__GCB3, 
muxpart__91: cnn_top__GCB3, 
datapath__50: cnn_top__GCB3, 
case__478: conv3, 
rebuffer_crt__parameterized5: cnn_top__GCB3, 
datapath__21: cnn_top__GCB3, 
logic__1024: conv3, 
reg__108: conv4__GC0, 
muxpart__323: conv1_op__parameterized5__GB3, 
case__434: conv3, 
case__643: conv1_op__parameterized5__GB3, 
datapath__34: cnn_top__GCB3, 
logic__1944: conv1_op__parameterized5__GB1, 
muxpart__175: conv3, 
muxpart__344: conv1_op__parameterized5__GB3, 
logic__783: conv3, 
case__778: conv1_op__parameterized5__GB0, 
counter__parameterized26: cnn_top__GCB1, conv4__GC0, 
logic__122: cnn_top__GCB3, 
case__440: conv3, 
case__575: conv4__GC0, 
counter__54: conv4__GC0, 
muxpart__210: conv3, 
logic__111: cnn_top__GCB3, 
muxpart__413: conv1_op__parameterized5__GB3, 
datapath__19: cnn_top__GCB3, 
case__447: conv3, 
case__95: cnn_top__GCB3, conv1_op__parameterized5__GB2, conv1_op__parameterized5__GB1, conv1_op__parameterized5__GB0, conv3, 
logic__1261: conv4__GC0, 
case__494: conv3, 
logic__577: cnn_top__GCB3, 
datapath__12: cnn_top__GCB3, 
pool1__parameterized3: cnn_top__GCB2, 
muxpart__353: conv1_op__parameterized5__GB3, 
case__631: conv1_op__parameterized5__GB3, 
reg__84: cnn_top__GCB2, 
logic__1792: conv1_op__parameterized5__GB3, 
muxpart__317: conv1_op__parameterized5__GB3, 
case__174: cnn_top__GCB3, cnn_top__GCB2, 
counter__52: conv4__GC0, 
logic__1825: conv1_op__parameterized5__GB3, 
reg__82: cnn_top__GCB2, 
datapath__71: cnn_top__GCB2, 
muxpart__240: conv3, 
case__676: conv1_op__parameterized5__GB3, 
case__126: cnn_top__GCB3, 
muxpart__410: conv1_op__parameterized5__GB3, 
muxpart__234: conv3, 
logic__649: cnn_top__GCB2, 
logic__1811: conv1_op__parameterized5__GB3, 
muxpart__419: conv1_op__parameterized5__GB3, 
logic__57: cnn_top__GCB3, 
logic__1014: conv3, 
muxpart__361: conv1_op__parameterized5__GB3, 
logic__118: cnn_top__GCB3, 
muxpart__193: conv3, 
conv3_bias_bbox_16: conv3, 
case__455: conv3, 
logic__655: cnn_top__GCB2, 
logic__363: cnn_top__GCB3, 
muxpart__155: conv3, 
case__626: conv4__GC0, 
logic__56: cnn_top__GCB3, 
logic__1343: conv4__GC0, 
logic__1817: conv1_op__parameterized5__GB3, 
reg__78: cnn_top__GCB2, 
case__39: cnn_top__GCB3, conv4__GC0, conv3, 
muxpart__423: conv1_op__parameterized5__GB1, 
case__43: cnn_top__GCB3, cnn_top__GCB1, conv4__GC0, conv3, 
logic__4: cnn_top__GCB3, 
muxpart__375: conv1_op__parameterized5__GB3, 
case__694: conv1_op__parameterized5__GB1, 
case__668: conv1_op__parameterized5__GB3, 
reg__53: cnn_top__GCB3, 
conv1_op__parameterized3: conv3, 
muxpart__557: cnn_top__GCB1, 
case__208: cnn_top__GCB3, 
case__714: conv1_op__parameterized5__GB0, 
logic__1307: conv4__GC0, 
case__105: cnn_top__GCB3, 
muxpart__83: cnn_top__GCB3, 
datapath__90: cnn_top__GCB1, 
muxpart__241: conv3, 
datapath__56: cnn_top__GCB2, 
logic__2167: cnn_top__GCB1, 
muxpart__71: cnn_top__GCB3, 
reg__24: cnn_top__GCB3, conv1_op__parameterized5__GB2, conv1_op__parameterized5__GB1, conv1_op__parameterized5__GB0, conv3, 
multiplicador_conv: cnn_top__GCB3, cnn_top__GCB1, conv1_op__parameterized5__GB2, conv1_op__parameterized5__GB1, conv1_op__parameterized5__GB0, conv3, 
pool1_crt__parameterized1: cnn_top__GCB3, 
case__775: conv1_op__parameterized5__GB0, 
logic__521: cnn_top__GCB3, 
conv4__GC0: conv4__GC0, 
logic__356: cnn_top__GCB3, 
case__641: conv1_op__parameterized5__GB3, 
logic__1015: conv3, 
muxpart__95: cnn_top__GCB3, 
muxpart__74: cnn_top__GCB3, 
logic__1217: cnn_top__GCB2, 
logic__2161: cnn_top__GCB1, 
logic__180: cnn_top__GCB3, cnn_top__GCB2, conv3, 
muxpart__310: conv1_op__parameterized5__GB3, 
muxpart__185: conv3, 
logic__704: conv3, 
case__761: conv1_op__parameterized5__GB2, 
logic__1827: conv1_op__parameterized5__GB3, 
logic__2181: cnn_top__GCB1, 
logic__643: cnn_top__GCB3, 
case__127: cnn_top__GCB3, 
generic_demultiplexer: cnn_top__GCB3, 
counter__17: cnn_top__GCB3, 
logic__747: conv3, 
reg__67: cnn_top__GCB3, 
case__726: conv1_op__parameterized5__GB1, 
logic__514: cnn_top__GCB3, 
case__452: conv3, 
muxpart__239: conv3, 
logic__2082: cnn_top__GCB1, 
rebuffer_op: cnn_top__GCB3, cnn_top__GCB2, 
case__279: cnn_top__GCB3, 
case__669: conv1_op__parameterized5__GB3, 
datapath__6: cnn_top__GCB3, 
logic__1805: conv1_op__parameterized5__GB3, 
muxpart__452: conv1_op__parameterized5__GB3, 
rebuffer_crt__parameterized1: cnn_top__GCB3, 
convFC_weights_bbox_19: cnn_top__GCB1, 
case__210: cnn_top__GCB3, conv4__GC0, conv3, 
case__749: conv1_op__parameterized5__GB0, 
logic__650: cnn_top__GCB2, 
logic__1888: conv1_op__parameterized5__GB1, 
case__426: conv3, 
logic__528: cnn_top__GCB3, 
logic__368: cnn_top__GCB3, 
case__473: conv3, 
pool1_crt: cnn_top__GCB3, 
muxpart__80: cnn_top__GCB3, 
generic_ram_bbox_8: cnn_top__GCB3, conv1_op__parameterized5__GB2, conv1_op__parameterized5__GB1, conv1_op__parameterized5__GB0, conv3, 
logic: cnn_top__GCB3, 
logic__519: cnn_top__GCB3, 
datapath__70: cnn_top__GCB2, 
logic__295: cnn_top__GCB3, 
muxpart__402: conv1_op__parameterized5__GB3, 
logic__1786: conv1_op__parameterized5__GB3, 
case__635: conv1_op__parameterized5__GB3, 
case__704: conv1_op__parameterized5__GB1, 
add1: cnn_top__GCB3, conv1_op__parameterized5__GB1, conv3, 
logic__2158: cnn_top__GCB1, 
datapath__3: cnn_top__GCB3, 
logic__532: cnn_top__GCB3, 
case__171: cnn_top__GCB3, cnn_top__GCB2, 
case__788: conv1_op__parameterized5__GB0, 
muxpart__359: conv1_op__parameterized5__GB3, 
datapath__24: cnn_top__GCB3, 
muxpart__215: conv3, 
datapath__13: cnn_top__GCB3, 
logic__998: conv3, 
case__740: conv1_op__parameterized5__GB0, 
muxpart__371: conv1_op__parameterized5__GB3, 
reg__76: cnn_top__GCB2, 
muxpart__421: conv1_op__parameterized5__GB1, 
muxpart__180: conv3, 
logic__1965: conv1_op__parameterized5__GB1, 
logic__1026: conv3, 
muxpart__472: conv1_op__parameterized5__GB3, 
counter__parameterized16: cnn_top__GCB3, conv4__GC0, conv3, 
reg__35: cnn_top__GCB3, conv1_op__parameterized5__GB2, conv1_op__parameterized5__GB1, conv1_op__parameterized5__GB0, conv3, 
muxpart__487: conv1_op__parameterized5__GB3, 
logic__621: cnn_top__GCB3, 
logic__1213: cnn_top__GCB2, 
reg__70: cnn_top__GCB3, 
case__469: conv3, 
muxpart__345: conv1_op__parameterized5__GB3, 
muxpart__376: conv1_op__parameterized5__GB3, 
logic__1916: conv1_op__parameterized5__GB1, 
case__682: conv1_op__parameterized5__GB3, 
muxpart__249: conv3, 
muxpart__558: cnn_top__GCB1, 
one_hot_encoder__parameterized1: cnn_top__GCB3, 
case__665: conv1_op__parameterized5__GB3, 
case__730: conv1_op__parameterized5__GB1, 
case__278: cnn_top__GCB3, 
muxpart__533: cnn_top__GCB1, 
counter__10: cnn_top__GCB3, cnn_top__GCB1, conv4__GC0, conv3, 
logic__125: cnn_top__GCB3, 
muxpart__337: conv1_op__parameterized5__GB3, 
datapath__32: cnn_top__GCB3, 
muxpart__351: conv1_op__parameterized5__GB3, 
muxpart__191: conv3, 
logic__2165: cnn_top__GCB1, 
reg__90: cnn_top__GCB2, 
case__441: conv3, 
logic__1005: conv3, 
muxpart__291: conv1_op__parameterized5__GB0, 
muxpart__329: conv1_op__parameterized5__GB3, 
case__369: conv3, 
case__733: conv1_op__parameterized5__GB1, 
logic__103: cnn_top__GCB3, 
logic__1986: conv1_op__parameterized5__GB1, 
case__696: conv1_op__parameterized5__GB1, 
logic__1766: conv1_op__parameterized5__GB3, 
logic__1314: conv4__GC0, 
logic__1972: conv1_op__parameterized5__GB1, 
muxpart__403: conv1_op__parameterized5__GB3, 
muxpart__303: conv1_op__parameterized5__GB3, 
conv1_crt__parameterized3: conv3, 
logic__1306: conv4__GC0, 
case__717: conv1_op__parameterized5__GB0, 
logic__1012: conv3, 
muxpart__60: cnn_top__GCB3, 
datapath__16: cnn_top__GCB3, 
logic__201: cnn_top__GCB3, 
reg__43: cnn_top__GCB3, 
datapath__52: cnn_top__GCB3, 
logic__1112: conv3, 
muxpart__550: cnn_top__GCB1, 
counter__25: cnn_top__GCB3, 
muxpart__214: conv3, 
case__489: conv3, 
muxpart__481: conv1_op__parameterized5__GB3, 
logic__448: cnn_top__GCB3, 
muxpart__416: conv1_op__parameterized5__GB3, 
muxpart__311: conv1_op__parameterized5__GB3, 
case__741: conv1_op__parameterized5__GB0, 
case__490: conv3, 
counter__42: cnn_top__GCB2, 
muxpart__431: conv1_op__parameterized5__GB1, 
logic__703: conv3, 
muxpart__169: conv3, 
rebuff1__parameterized3: cnn_top__GCB3, 
reg__10: cnn_top__GCB3, cnn_top__GCB2, conv4__GC0, conv1_op__parameterized5__GB3, conv3, 
muxpart__445: conv1_op__parameterized5__GB1, 
case__531: cnn_top__GCB2, 
logic__1025: conv3, 
muxpart__320: conv1_op__parameterized5__GB3, 
muxpart__163: conv3, 
case__686: conv1_op__parameterized5__GB3, 
case__712: conv1_op__parameterized5__GB0, 
muxpart__186: conv3, 
reg__29: cnn_top__GCB3, conv1_op__parameterized5__GB2, conv1_op__parameterized5__GB1, conv1_op__parameterized5__GB0, conv3, 
logic__415: cnn_top__GCB3, 
case__654: conv1_op__parameterized5__GB3, 
datapath__47: cnn_top__GCB3, 
conv3: conv3, 
counter__29: cnn_top__GCB3, 
logic__1791: conv1_op__parameterized5__GB3, 
reg__115_cnn_top_tb: reg__115_cnn_top_tb, 
image_chanel_1_bbox_1: cnn_top__GCB3, 
logic__1260: conv4__GC0, 
muxpart__86: cnn_top__GCB3, 
logic__1330: conv4__GC0, 
case__436: conv3, 
case__273: cnn_top__GCB3, 
logic__1028: conv3, 
muxpart__491: conv1_op__parameterized5__GB3, 
logic__2175: cnn_top__GCB1, 
muxpart__366: conv1_op__parameterized5__GB3, 
muxpart__318: conv1_op__parameterized5__GB3, 
logic__2007: conv1_op__parameterized5__GB1, 
muxpart__348: conv1_op__parameterized5__GB3, 
muxpart__463: conv1_op__parameterized5__GB3, 
fc_crt: cnn_top__GCB1, 
muxpart__554: cnn_top__GCB1, 
muxpart__89: cnn_top__GCB3, 
muxpart__527: cnn_top__GCB1, 
generic_demultiplexer__parameterized5: conv1_op__parameterized5__GB3, 
logic__215: cnn_top__GCB3, 
muxpart__149: conv3, 
rebuff1__parameterized7: cnn_top__GCB2, 
logic__1762: conv1_op__parameterized5__GB3, 
muxpart__378: conv1_op__parameterized5__GB3, 
case__45: cnn_top__GCB3, 
logic__764: conv3, 
counter__32: cnn_top__GCB2, 
case__647: conv1_op__parameterized5__GB3, 
muxpart__389: conv1_op__parameterized5__GB3, 
muxpart__382: conv1_op__parameterized5__GB3, 
logic__138: cnn_top__GCB3, 
case__711: conv1_op__parameterized5__GB1, 
io_buffer__parameterized4: cnn_top__GCB3, cnn_top__GCB2, 
logic__304: cnn_top__GCB3, cnn_top__GCB2, 
muxpart__440: conv1_op__parameterized5__GB1, 
logic__292: cnn_top__GCB3, 
case__655: conv1_op__parameterized5__GB3, 
muxpart__510: conv1_op__parameterized5__GB3, 
case__573: conv4__GC0, 
logic__1141: cnn_top__GCB2, 
case__662: conv1_op__parameterized5__GB3, 
muxpart__482: conv1_op__parameterized5__GB3, 
logic__58: cnn_top__GCB3, 
logic__748: conv3, 
muxpart__222: conv3, 
logic__1801: conv1_op__parameterized5__GB3, 
datapath: cnn_top__GCB3, 
case__170: cnn_top__GCB3, 
muxpart__347: conv1_op__parameterized5__GB3, 
muxpart__321: conv1_op__parameterized5__GB3, 
muxpart__327: conv1_op__parameterized5__GB3, 
counter__parameterized12: cnn_top__GCB3, 
muxpart__158: conv3, 
logic__1126: conv3, 
counter__33: cnn_top__GCB2, 
logic__438: cnn_top__GCB3, 
muxpart__146: conv3, 
counter__1: cnn_top__GCB3, 
muxpart__190: conv3, 
logic__700: conv3, 
one_hot_encoder__parameterized7: conv3, 
case__121: cnn_top__GCB3, 
case__294: cnn_top__GCB3, 
muxpart__304: conv1_op__parameterized5__GB3, 
muxpart__223: conv3, 
muxpart__461: conv1_op__parameterized5__GB3, 
logic__1002: conv3, 
logic__115: cnn_top__GCB3, 
case__472: conv3, 
logic__1820: conv1_op__parameterized5__GB3, 
muxpart__176: conv3, 
logic__1098: conv3, 
case__702: conv1_op__parameterized5__GB1, 
generic_demultiplexer__parameterized3: conv3, 
datapath__33: cnn_top__GCB3, 
logic__531: cnn_top__GCB3, 
logic__640: cnn_top__GCB3, 
conv3_weights_bbox_15: conv3, 
muxpart__542: cnn_top__GCB1, 
case__780: conv1_op__parameterized5__GB0, 
counter__38: cnn_top__GCB1, conv3, 
muxpart__437: conv1_op__parameterized5__GB1, 
logic__1768: conv1_op__parameterized5__GB3, 
logic__1821: conv1_op__parameterized5__GB3, 
reg__81: cnn_top__GCB2, 
muxpart__381: conv1_op__parameterized5__GB3, 
logic__1794: conv1_op__parameterized5__GB3, 
case__270: cnn_top__GCB3, 
logic__2185: cnn_top__GCB1, 
logic__1902: conv1_op__parameterized5__GB1, 
muxpart__204: conv3, 
logic__1822: conv1_op__parameterized5__GB3, 
logic__202: cnn_top__GCB3, 
logic__1006: conv3, 
logic__1042: conv3, 
case__648: conv1_op__parameterized5__GB3, 
case__701: conv1_op__parameterized5__GB1, 
datapath__29: cnn_top__GCB3, cnn_top__GCB2, 
reg__65: cnn_top__GCB3, 
case__460: conv3, 
datapath__28: cnn_top__GCB3, cnn_top__GCB2, 
logic__753: conv3, 
case__443: conv3, 
case__664: conv1_op__parameterized5__GB3, 
case__767: conv1_op__parameterized5__GB2, 
image_chanel_0_bbox_0: cnn_top__GCB3, 
reg__38: cnn_top__GCB3, 
logic__2183: cnn_top__GCB1, 
muxpart__512: conv1_op__parameterized5__GB3, 
muxpart__64: cnn_top__GCB3, 
logic__2159: cnn_top__GCB1, 
case__650: conv1_op__parameterized5__GB3, 
reg__66: cnn_top__GCB3, 
muxpart__356: conv1_op__parameterized5__GB3, 
logic__995: conv3, 
logic__1958: conv1_op__parameterized5__GB1, 
generic_demultiplexer__parameterized1: cnn_top__GCB3, 
counter__parameterized14: cnn_top__GCB3, 
reg__18: cnn_top__GCB3, conv1_op__parameterized5__GB2, conv1_op__parameterized5__GB1, conv1_op__parameterized5__GB0, conv3, 
rebuff1__parameterized5: cnn_top__GCB3, 
case__709: conv1_op__parameterized5__GB1, 
muxpart__355: conv1_op__parameterized5__GB3, 
case__267: cnn_top__GCB3, 
logic__994: conv3, 
datapath__2: cnn_top__GCB3, 
muxpart__540: cnn_top__GCB1, 
logic__2000: conv1_op__parameterized5__GB1, 
datapath__82: cnn_top__GCB1, conv4__GC0, 
one_hot_encoder__parameterized17: cnn_top__GCB1, 
counter: cnn_top__GCB3, cnn_top__GCB2, conv4__GC0, conv1_op__parameterized5__GB3, conv3, 
datapath__74: cnn_top__GCB2, 
muxpart__465: conv1_op__parameterized5__GB3, 
muxpart__430: conv1_op__parameterized5__GB1, 
datapath__46: cnn_top__GCB3, 
logic__760: conv3, 
logic__1774: conv1_op__parameterized5__GB3, 
case__754: conv1_op__parameterized5__GB2, 
counter__49: cnn_top__GCB2, 
logic__1190: cnn_top__GCB2, 
case__768: conv1_op__parameterized5__GB2, 
datapath__20: cnn_top__GCB3, 
muxpart__147: conv3, 
io_buffer__parameterized8: conv1_op__parameterized5__GB3, 
muxpart__245: conv3, 
muxpart__444: conv1_op__parameterized5__GB1, 
cnn_top__GCB1: cnn_top__GCB1, 
case__577: cnn_top__GCB1, conv4__GC0, 
logic__101: cnn_top__GCB3, 
case__688: conv1_op__parameterized5__GB3, 
case__482: conv3, 
reg__8: cnn_top__GCB3, 
counter__5: cnn_top__GCB3, 
logic__59: cnn_top__GCB3, 
case__431: conv3, 
demux_1x4: cnn_top__GCB3, conv1_op__parameterized5__GB2, conv1_op__parameterized5__GB1, conv1_op__parameterized5__GB0, conv3, 
logic__1206: cnn_top__GCB2, 
logic__1993: conv1_op__parameterized5__GB1, 
reg__54: cnn_top__GCB3, 
case__283: cnn_top__GCB3, 
reg__58: cnn_top__GCB3, 
muxpart__432: conv1_op__parameterized5__GB1, 
logic__647: cnn_top__GCB2, 
muxpart__324: conv1_op__parameterized5__GB3, 
case__420: conv3, 
logic__231: cnn_top__GCB3, 
logic__2171: cnn_top__GCB1, 
logic__1211: cnn_top__GCB2, 
muxpart__426: conv1_op__parameterized5__GB1, 
case__463: conv3, 
muxpart__217: conv3, 
muxpart__358: conv1_op__parameterized5__GB3, 
muxpart__295: conv1_op__parameterized5__GB3, 
logic__1804: conv1_op__parameterized5__GB3, 
case__695: conv1_op__parameterized5__GB1, 
muxpart__342: conv1_op__parameterized5__GB3, 
logic__205: cnn_top__GCB3, 
one_hot_encoder__parameterized15: cnn_top__GCB1, 
case__724: conv1_op__parameterized5__GB1, 
logic__993: conv3, 
logic__1184: cnn_top__GCB2, 
convFC_bias_bbox_20: cnn_top__GCB1, 
logic__786: conv3, 
logic__1806: conv1_op__parameterized5__GB3, 
logic__2057: cnn_top__GCB1, 
case__760: conv1_op__parameterized5__GB2, 
logic__154: cnn_top__GCB3, conv1_op__parameterized5__GB2, conv1_op__parameterized5__GB1, conv1_op__parameterized5__GB0, conv3, 
case__772: conv1_op__parameterized5__GB1, 
muxpart__471: conv1_op__parameterized5__GB3, 
case__263: cnn_top__GCB3, 
muxpart__535: cnn_top__GCB1, 
logic__10: cnn_top__GCB3, 
muxpart__394: conv1_op__parameterized5__GB3, 
logic__1022: conv3, 
case__728: conv1_op__parameterized5__GB1, 
muxpart__309: conv1_op__parameterized5__GB3, 
muxpart__547: cnn_top__GCB1, 
case__638: conv1_op__parameterized5__GB3, 
case__718: conv1_op__parameterized5__GB0, 
muxpart__67: cnn_top__GCB3, 
rebuffer_crt: cnn_top__GCB3, 
case__476: conv3, 
logic__1203: cnn_top__GCB2, 
case__630: conv1_op__parameterized5__GB3, 
muxpart__553: cnn_top__GCB1, 
reg__85: conv3, 
muxpart__433: conv1_op__parameterized5__GB1, 
muxpart__157: conv3, 
logic__1814: conv1_op__parameterized5__GB3, 
muxpart__187: conv3, 
datapath__65: conv3, 
case__462: conv3, 
datapath__67: cnn_top__GCB2, 
muxpart__138: conv3, 
conv1_weights_bbox_3: cnn_top__GCB3, 
logic__1008: conv3, 
logic__515: cnn_top__GCB3, 
case__753: conv1_op__parameterized5__GB2, 
muxpart__152: conv3, 
generic_multiplexer: cnn_top__GCB3, 
muxpart__563: cnn_top__GCB1, 
datapath__66: conv3, 
case__762: conv1_op__parameterized5__GB2, 
logic__1818: conv1_op__parameterized5__GB3, 
muxpart__312: conv1_op__parameterized5__GB3, 
muxpart__531: cnn_top__GCB1, 
muxpart__228: conv3, 
case__678: conv1_op__parameterized5__GB3, 
datapath__54: cnn_top__GCB2, 
muxpart__205: conv3, 
case__98: cnn_top__GCB3, conv1_op__parameterized5__GB2, conv1_op__parameterized5__GB1, conv1_op__parameterized5__GB0, conv3, 
case__107: cnn_top__GCB3, 
muxpart__493: conv1_op__parameterized5__GB3, 
case__33: cnn_top__GCB3, cnn_top__GCB2, 
muxpart__546: cnn_top__GCB1, 
one_hot_encoder__parameterized13: conv1_op__parameterized5__GB3, 
logic__2156: cnn_top__GCB1, 
datapath__87: conv1_op__parameterized5__GB2, 
case__629: conv1_op__parameterized5__GB2, 
case__729: conv1_op__parameterized5__GB1, 
one_hot_encoder__parameterized3: cnn_top__GCB3, 
logic__421: cnn_top__GCB3, 
muxpart__490: conv1_op__parameterized5__GB3, 
reg__7: cnn_top__GCB3, 
logic__411: cnn_top__GCB3, 
logic__1979: conv1_op__parameterized5__GB1, 
logic__2042: conv1_op__parameterized5__GB1, 
logic__1254: cnn_top__GCB2, 
muxpart__485: conv1_op__parameterized5__GB3, 
case__483: conv3, 
rebuffer_crt__parameterized3: cnn_top__GCB3, 
logic__701: conv3, 
muxpart__467: conv1_op__parameterized5__GB3, 
case__438: conv3, 
case__466: conv3, 
case__280: cnn_top__GCB3, 
io_buffer: cnn_top__GCB3, conv1_op__parameterized5__GB2, conv1_op__parameterized5__GB1, conv1_op__parameterized5__GB0, conv3, 
case__700: conv1_op__parameterized5__GB1, 
reg__88: cnn_top__GCB2, 
logic__312: cnn_top__GCB3, 
logic__790: conv3, 
logic__1923: conv1_op__parameterized5__GB1, 
counter__13: cnn_top__GCB3, 
reg__14: cnn_top__GCB3, cnn_top__GCB1, conv4__GC0, conv3, 
logic__1023: conv3, 
case__698: conv1_op__parameterized5__GB1, 
muxpart__560: cnn_top__GCB1, 
logic__1016: conv3, 
muxpart__354: conv1_op__parameterized5__GB3, 
reg__5: cnn_top__GCB3, 
logic__1824: conv1_op__parameterized5__GB3, 
case__786: conv1_op__parameterized5__GB0, 
logic__2168: cnn_top__GCB1, 
muxpart__68: cnn_top__GCB3, 
muxpart__477: conv1_op__parameterized5__GB3, 
logic__1318: conv4__GC0, 
counter__28: cnn_top__GCB3, 
case__658: conv1_op__parameterized5__GB3, 
logic__1145: cnn_top__GCB2, 
dsp48e1: cnn_top__GCB3, cnn_top__GCB1, conv1_op__parameterized5__GB2, conv1_op__parameterized5__GB1, conv1_op__parameterized5__GB0, conv3, 
logic__199: cnn_top__GCB3, 
logic__435: cnn_top__GCB3, 
muxpart__151: conv3, 
logic__197: cnn_top__GCB3, 
muxpart__401: conv1_op__parameterized5__GB3, 
counter__22: cnn_top__GCB3, 
logic__1839: conv1_op__parameterized5__GB1, 
logic__1909: conv1_op__parameterized5__GB1, 
datapath__64: conv3, 
muxpart__207: conv3, 
logic__1789: conv1_op__parameterized5__GB3, 
case__488: conv3, 
conv2_bias_bbox_14: cnn_top__GCB3, 
muxpart__561: cnn_top__GCB1, 
case__115: cnn_top__GCB3, 
logic__1119: conv3, 
one_hot_encoder__parameterized11: conv1_op__parameterized5__GB1, 
datapath__77: cnn_top__GCB2, 
case__572: cnn_top__GCB2, 
logic__128: cnn_top__GCB3, 
reg__15: cnn_top__GCB3, 
case__734: conv1_op__parameterized5__GB1, 
reg__104: cnn_top__GCB2, 
case__108: cnn_top__GCB3, 
logic__429: cnn_top__GCB3, 
logic__705: conv3, 
counter__parameterized7: cnn_top__GCB3, cnn_top__GCB1, conv4__GC0, conv3, 
muxpart__538: cnn_top__GCB1, 
arvore_soma_conv: cnn_top__GCB3, conv1_op__parameterized5__GB2, conv1_op__parameterized5__GB1, conv1_op__parameterized5__GB0, conv3, 
logic__2172: cnn_top__GCB1, 
reg__62: cnn_top__GCB3, conv4__GC0, conv3, 
reg__20: cnn_top__GCB3, conv1_op__parameterized5__GB2, conv1_op__parameterized5__GB1, conv1_op__parameterized5__GB0, conv3, 
case__491: conv3, 
muxpart__449: conv1_op__parameterized5__GB1, 
logic__309: cnn_top__GCB3, 
case__430: conv3, 
muxpart__360: conv1_op__parameterized5__GB3, 
muxpart__206: conv3, 
logic__1776: conv1_op__parameterized5__GB3, 
logic__196: cnn_top__GCB3, 
logic__706: conv3, 
reg__100: cnn_top__GCB2, 
logic__301: cnn_top__GCB3, cnn_top__GCB2, 
logic__104: cnn_top__GCB3, 
counter__34: cnn_top__GCB2, 
muxpart__454: conv1_op__parameterized5__GB3, 
logic__563: cnn_top__GCB3, 
case__653: conv1_op__parameterized5__GB3, 
logic__746: conv3, 
muxpart__489: conv1_op__parameterized5__GB3, 
muxpart__372: conv1_op__parameterized5__GB3, 
logic__1212: cnn_top__GCB2, 
muxpart__441: conv1_op__parameterized5__GB1, 
logic__279: cnn_top__GCB3, 
muxpart__545: cnn_top__GCB1, 
counter__parameterized18: conv3, 
logic__119: cnn_top__GCB3, 
case__487: conv3, 
reg: cnn_top__GCB3, 
logic__2035: conv1_op__parameterized5__GB1, 
datapath__55: cnn_top__GCB2, 
reg__49: cnn_top__GCB3, cnn_top__GCB2, 
case__776: conv1_op__parameterized5__GB0, 
muxpart__486: conv1_op__parameterized5__GB3, 
logic__1826: conv1_op__parameterized5__GB3, 
datapath__91: cnn_top__GCB1, 
counter__19: cnn_top__GCB3, 
case__172: cnn_top__GCB3, cnn_top__GCB2, 
rebuff1__parameterized9: cnn_top__GCB2, 
muxpart__539: cnn_top__GCB1, 
case__673: conv1_op__parameterized5__GB3, 
logic__222: cnn_top__GCB3, 
muxpart__364: conv1_op__parameterized5__GB3, 
case__35: cnn_top__GCB3, cnn_top__GCB2, conv4__GC0, conv1_op__parameterized5__GB3, conv3, 
muxpart__335: conv1_op__parameterized5__GB3, 
logic__1853: conv1_op__parameterized5__GB1, 
case__637: conv1_op__parameterized5__GB3, 
muxpart__170: conv3, 
logic__422: cnn_top__GCB3, 
counter__50: cnn_top__GCB2, 
muxpart__436: conv1_op__parameterized5__GB1, 
muxpart__243: conv3, 
muxpart__497: conv1_op__parameterized5__GB3, 
logic__1796: conv1_op__parameterized5__GB3, 
case__675: conv1_op__parameterized5__GB3, 
logic__1142: cnn_top__GCB2, 
logic__198: cnn_top__GCB3, 
muxpart__343: conv1_op__parameterized5__GB3, 
datapath__5: cnn_top__GCB3, 
muxpart__379: conv1_op__parameterized5__GB3, 
logic__416: cnn_top__GCB3, 
case__495: conv3, 
counter__44: cnn_top__GCB2, 
case__285: cnn_top__GCB3, 
logic__999: conv3, 
logic__1808: conv1_op__parameterized5__GB3, 
muxpart__144: conv3, 
logic__452: cnn_top__GCB3, 
logic__654: cnn_top__GCB2, 
logic__1860: conv1_op__parameterized5__GB1, 
case: cnn_top__GCB3, cnn_top__GCB2, 
datapath__88: conv1_op__parameterized5__GB2, 
case__690: conv1_op__parameterized5__GB3, 
reg__36: cnn_top__GCB3, cnn_top__GCB1, conv1_op__parameterized5__GB2, conv1_op__parameterized5__GB1, conv1_op__parameterized5__GB0, conv3, 
logic__579: cnn_top__GCB3, 
conv1_op__parameterized5__GB3: conv1_op__parameterized5__GB3, 
case__493: conv3, 
muxpart__457: conv1_op__parameterized5__GB3, 
case__632: conv1_op__parameterized5__GB3, 
case__262: cnn_top__GCB3, 
logic__1781: conv1_op__parameterized5__GB3, 
case__578: conv4__GC0, 
muxpart__200: conv3, 
counter__47: cnn_top__GCB2, 
case__36: cnn_top__GCB3, 
muxpart__78: cnn_top__GCB3, 
muxpart__246: conv3, 
logic__1779: conv1_op__parameterized5__GB3, 
muxpart__495: conv1_op__parameterized5__GB3, 
case__269: cnn_top__GCB3, 
muxpart__69: cnn_top__GCB3, 
logic__530: cnn_top__GCB3, 
muxpart__229: conv3, 
muxpart__218: conv3, 
case__260: cnn_top__GCB3, 
case__752: conv1_op__parameterized5__GB2, 
muxpart__216: conv3, 
logic__522: cnn_top__GCB3, 
case__722: conv1_op__parameterized5__GB0, 
case__715: conv1_op__parameterized5__GB0, 
logic__752: conv3, 
muxpart__369: conv1_op__parameterized5__GB3, 
logic__318: cnn_top__GCB3, 
muxpart__81: cnn_top__GCB3, 
reg__61: cnn_top__GCB3, 
case__747: conv1_op__parameterized5__GB0, 
case__102: cnn_top__GCB3, conv1_op__parameterized5__GB1, conv3, 
logic__1000: conv3, 
logic__112: cnn_top__GCB3, 
logic__755: conv3, 
logic__583: cnn_top__GCB3, 
logic__1816: conv1_op__parameterized5__GB3, 
logic__1767: conv1_op__parameterized5__GB3, 
muxpart__233: conv3, 
logic__273: cnn_top__GCB3, 
muxpart__562: cnn_top__GCB1, 
logic__311: cnn_top__GCB3, 
muxpart__145: conv3, 
muxpart__333: conv1_op__parameterized5__GB3, 
logic__1091: conv3, 
logic__2162: cnn_top__GCB1, 
reg__9: cnn_top__GCB3, cnn_top__GCB2, 
muxpart__77: cnn_top__GCB3, 
logic__113: cnn_top__GCB3, 
counter__16: cnn_top__GCB3, 
case__41: cnn_top__GCB3, conv4__GC0, conv3, 
datapath__36: cnn_top__GCB3, 
logic__442: cnn_top__GCB3, 
case__745: conv1_op__parameterized5__GB0, 
logic__1783: conv1_op__parameterized5__GB3, 
counter__14: cnn_top__GCB3, 
case__370: conv3, 
case__707: conv1_op__parameterized5__GB1, 
datapath__17: cnn_top__GCB3, conv1_op__parameterized5__GB2, conv1_op__parameterized5__GB1, conv1_op__parameterized5__GB0, conv3, 
logic__1019: conv3, 
logic__773: conv3, 
muxpart__496: conv1_op__parameterized5__GB3, 
muxpart__504: conv1_op__parameterized5__GB3, 
muxpart__296: conv1_op__parameterized5__GB3, 
datapath__75: cnn_top__GCB2, 
logic__432: cnn_top__GCB3, 
muxpart__154: conv3, 
logic__7: cnn_top__GCB3, 
case__292: cnn_top__GCB3, 
muxpart__388: conv1_op__parameterized5__GB3, 
muxpart__166: conv3, 
add32: cnn_top__GCB3, conv1_op__parameterized5__GB1, conv3, 
case__291: cnn_top__GCB3, 
datapath__76: cnn_top__GCB2, 
case__423: conv3, 
case__120: cnn_top__GCB3, 
case__765: conv1_op__parameterized5__GB2, 
pool1_op__parameterized1: cnn_top__GCB3, 
muxpart__541: cnn_top__GCB1, 
datapath__48: cnn_top__GCB3, 
logic__1830: conv1_op__parameterized5__GB1, 
case__259: cnn_top__GCB3, 
logic__1790: conv1_op__parameterized5__GB3, 
case__750: conv1_op__parameterized5__GB0, 
muxpart__168: conv3, 
pool1_crt__parameterized3: cnn_top__GCB2, 
case__454: conv3, 
muxpart__397: conv1_op__parameterized5__GB3, 
case__763: conv1_op__parameterized5__GB2, 
case__464: conv3, 
case__814: cnn_top__GCB1, 
muxpart__139: conv3, 
mult_32_32_63: cnn_top__GCB1, 
muxpart__179: conv3, 
logic__763: conv3, 
reg__93: cnn_top__GCB2, 
case__656: conv1_op__parameterized5__GB3, 
case__719: conv1_op__parameterized5__GB0, 
muxpart__90: cnn_top__GCB3, 
case__474: conv3, 
muxpart__72: cnn_top__GCB3, 
logic__1262: conv4__GC0, 
muxpart__508: conv1_op__parameterized5__GB3, 
logic__145: cnn_top__GCB3, 
datapath__7: cnn_top__GCB3, cnn_top__GCB2, conv4__GC0, conv1_op__parameterized5__GB3, conv3, 
muxpart__66: cnn_top__GCB3, 
case__371: cnn_top__GCB1, conv3, 
logic__2184: cnn_top__GCB1, 
muxpart__87: cnn_top__GCB3, 
muxpart__73: cnn_top__GCB3, 
case__477: conv3, 
logic__1603: conv1_op__parameterized5__GB3, 
muxpart__374: conv1_op__parameterized5__GB3, 
case__286: cnn_top__GCB3, 
case__471: conv3, 
rebuff1: cnn_top__GCB3, 
reg__39: cnn_top__GCB3, 
conv4_weights_bbox_17: conv4__GC0, 
muxpart__165: conv3, 
case__427: conv3, 
logic__367: cnn_top__GCB3, 
datapath__92: cnn_top__GCB1, 
case__755: conv1_op__parameterized5__GB2, 
logic__1216: cnn_top__GCB2, 
generic_ram_bbox_10: cnn_top__GCB3, cnn_top__GCB2, 
logic__1785: conv1_op__parameterized5__GB3, 
case__659: conv1_op__parameterized5__GB3, 
logic__317: cnn_top__GCB3, 
muxpart__326: conv1_op__parameterized5__GB3, 
reg__44: cnn_top__GCB3, 
muxpart__417: conv1_op__parameterized5__GB3, 
muxpart__197: conv3, 
logic__1795: conv1_op__parameterized5__GB3, 
logic__2150: cnn_top__GCB1, 
datapath__42: cnn_top__GCB3, 
case__44: cnn_top__GCB3, 
logic__1798: conv1_op__parameterized5__GB3, 
logic__1773: conv1_op__parameterized5__GB3, 
muxpart__405: conv1_op__parameterized5__GB3, 
muxpart__350: conv1_op__parameterized5__GB3, 
datapath__45: cnn_top__GCB3, 
logic__417: cnn_top__GCB3, 
logic__1313: conv4__GC0, 
muxpart__473: conv1_op__parameterized5__GB3, 
muxpart__363: conv1_op__parameterized5__GB3, 
logic__232: cnn_top__GCB3, 
muxpart__514: conv1_op__parameterized5__GB3, 
muxpart__392: conv1_op__parameterized5__GB3, 
case__110: cnn_top__GCB3, 
logic__1327: conv4__GC0, 
counter__46: cnn_top__GCB2, 
muxpart__370: conv1_op__parameterized5__GB3, 
muxpart__470: conv1_op__parameterized5__GB3, 
reg__60: cnn_top__GCB3, 
case__784: conv1_op__parameterized5__GB0, 
muxpart__505: conv1_op__parameterized5__GB3, 
muxpart__499: conv1_op__parameterized5__GB3, 
case__663: conv1_op__parameterized5__GB3, 
case__433: conv3, 
muxpart__555: cnn_top__GCB1, 
reg__13: cnn_top__GCB3, conv4__GC0, conv3, 
muxpart__385: conv1_op__parameterized5__GB3, 
muxpart__238: conv3, 
conv1_crt: cnn_top__GCB3, 
muxpart__341: conv1_op__parameterized5__GB3, 
case__666: conv1_op__parameterized5__GB3, 
case__444: conv3, 
case__268: cnn_top__GCB3, 
arvore_comparadores: cnn_top__GCB3, cnn_top__GCB2, 
muxpart__407: conv1_op__parameterized5__GB3, 
reg__99: cnn_top__GCB2, 
case__500: conv3, 
muxpart__244: conv3, 
muxpart__468: conv1_op__parameterized5__GB3, 
muxpart__159: conv3, 
datapath__15: cnn_top__GCB3, 
case__542: cnn_top__GCB2, 
muxpart__93: cnn_top__GCB3, 
logic__114: cnn_top__GCB3, 
counter__41: cnn_top__GCB2, 
muxpart__367: conv1_op__parameterized5__GB3, 
reg__101: cnn_top__GCB2, 
logic__533: cnn_top__GCB3, 
logic__107: cnn_top__GCB3, 
case__766: conv1_op__parameterized5__GB2, 
logic__1105: conv3, 
logic__1815: conv1_op__parameterized5__GB3, 
case__496: conv3, 
muxpart__387: conv1_op__parameterized5__GB3, 
reg__2: cnn_top__GCB3, 
case__432: conv3, 
case__642: conv1_op__parameterized5__GB3, 
logic__1035: conv3, 
muxpart__231: conv3, 
muxpart__453: conv1_op__parameterized5__GB3, 
logic__1813: conv1_op__parameterized5__GB3, 
muxpart__161: conv3, 
muxpart__398: conv1_op__parameterized5__GB3, 
muxpart__184: conv3, 
datapath__38: cnn_top__GCB3, 
muxpart__172: conv3, 
logic__319: cnn_top__GCB3, 
case__777: conv1_op__parameterized5__GB0, 
case__277: cnn_top__GCB3, 
case__574: conv4__GC0, 
counter__9: cnn_top__GCB3, conv4__GC0, conv3, 
logic__230: cnn_top__GCB3, 
muxpart__450: conv1_op__parameterized5__GB1, 
datapath__60: conv3, 
case__96: cnn_top__GCB3, conv1_op__parameterized5__GB2, conv1_op__parameterized5__GB1, conv1_op__parameterized5__GB0, conv3, 
logic__108: cnn_top__GCB3, 
logic__1210: cnn_top__GCB2, 
case__445: conv3, 
datapath__27: cnn_top__GCB3, cnn_top__GCB2, 
logic__420: cnn_top__GCB3, 
case__738: conv1_op__parameterized5__GB1, 
case__769: conv1_op__parameterized5__GB2, 
logic__1775: conv1_op__parameterized5__GB3, 
muxpart__528: cnn_top__GCB1, 
datapath__89: cnn_top__GCB1, 
logic__648: cnn_top__GCB2, 
muxpart__61: cnn_top__GCB3, 
logic__1937: conv1_op__parameterized5__GB1, 
counter__parameterized20: cnn_top__GCB1, conv3, 
muxpart__330: conv1_op__parameterized5__GB3, 
logic__2083: cnn_top__GCB1, 
logic__578: cnn_top__GCB3, 
logic__1084: conv3, 
case__209: cnn_top__GCB3, conv4__GC0, conv3, 
case__716: conv1_op__parameterized5__GB0, 
muxpart__92: cnn_top__GCB3, 
case__159: cnn_top__GCB3, 
logic__2021: conv1_op__parameterized5__GB1, 
case__275: cnn_top__GCB3, 
datapath__9: cnn_top__GCB3, conv4__GC0, conv3, 
case__97: cnn_top__GCB3, conv1_op__parameterized5__GB2, conv1_op__parameterized5__GB1, conv1_op__parameterized5__GB0, conv3, 
logic__1778: conv1_op__parameterized5__GB3, 
reg__21: cnn_top__GCB3, conv1_op__parameterized5__GB2, conv1_op__parameterized5__GB1, conv1_op__parameterized5__GB0, conv3, 
muxpart__75: cnn_top__GCB3, 
case__129: cnn_top__GCB3, 
datapath__40: cnn_top__GCB3, 
case__742: conv1_op__parameterized5__GB0, 
case__38: cnn_top__GCB3, conv4__GC0, conv3, 
muxpart__88: cnn_top__GCB3, 
muxpart__380: conv1_op__parameterized5__GB3, 
logic__2176: cnn_top__GCB1, 
muxpart__551: cnn_top__GCB1, 
muxpart__62: cnn_top__GCB3, 
logic__1819: conv1_op__parameterized5__GB3, 
logic__2170: cnn_top__GCB1, 
logic__51: cnn_top__GCB3, 
muxpart__328: conv1_op__parameterized5__GB3, 
logic__1265: conv4__GC0, 
muxpart__446: conv1_op__parameterized5__GB1, 
reg__23: cnn_top__GCB3, conv1_op__parameterized5__GB2, conv1_op__parameterized5__GB1, conv1_op__parameterized5__GB0, conv3, 
logic__166: cnn_top__GCB3, conv1_op__parameterized5__GB1, conv3, 
muxpart__548: cnn_top__GCB1, 
case__644: conv1_op__parameterized5__GB3, 
case__732: conv1_op__parameterized5__GB1, 
logic__1324: conv4__GC0, 
datapath__69: cnn_top__GCB2, 
case__117: cnn_top__GCB3, 
logic__518: cnn_top__GCB3, 
logic__627: cnn_top__GCB3, 
logic__1350: conv4__GC0, 
case__787: conv1_op__parameterized5__GB0, 
case__735: conv1_op__parameterized5__GB1, 
muxpart__373: conv1_op__parameterized5__GB3, 
counter__24: cnn_top__GCB3, conv4__GC0, conv3, 
muxpart__456: conv1_op__parameterized5__GB3, 
logic__1309: conv4__GC0, 
datapath__78: cnn_top__GCB2, 
logic__9: cnn_top__GCB3, 
case__448: conv3, 
logic__2049: conv1_op__parameterized5__GB1, 
case__699: conv1_op__parameterized5__GB1, 
counter__parameterized22: conv4__GC0, 
muxpart__543: cnn_top__GCB1, 
case__640: conv1_op__parameterized5__GB3, 
muxpart__462: conv1_op__parameterized5__GB3, 
case__109: cnn_top__GCB3, 
logic__425: cnn_top__GCB3, 
logic__1881: conv1_op__parameterized5__GB1, 
muxpart__84: cnn_top__GCB3, 
logic__1320: conv4__GC0, 
logic__1895: conv1_op__parameterized5__GB1, 
datapath__43: cnn_top__GCB3, 
muxpart__232: conv3, 
muxpart__156: conv3, 
case__288: cnn_top__GCB3, 
datapath__72: cnn_top__GCB2, 
case__435: conv3, 
datapath__49: cnn_top__GCB3, 
logic__159: cnn_top__GCB3, conv1_op__parameterized5__GB2, conv1_op__parameterized5__GB1, conv1_op__parameterized5__GB0, conv3, 
logic__167: cnn_top__GCB3, conv1_op__parameterized5__GB1, conv3, 
muxpart__415: conv1_op__parameterized5__GB3, 
muxpart__501: conv1_op__parameterized5__GB3, 
muxpart__365: conv1_op__parameterized5__GB3, 
muxpart__552: cnn_top__GCB1, 
case__783: conv1_op__parameterized5__GB0, 
logic__308: cnn_top__GCB3, 
reg__30: cnn_top__GCB3, conv1_op__parameterized5__GB2, conv1_op__parameterized5__GB1, conv1_op__parameterized5__GB0, conv3, 
muxpart__506: conv1_op__parameterized5__GB3, 
muxpart__396: conv1_op__parameterized5__GB3, 
logic__1780: conv1_op__parameterized5__GB3, 
case__706: conv1_op__parameterized5__GB1, 
case__756: conv1_op__parameterized5__GB2, 
reg__83: cnn_top__GCB2, 
image_chanel_2_bbox_2: cnn_top__GCB3, 
muxpart__399: conv1_op__parameterized5__GB3, 
logic__208: cnn_top__GCB3, 
case__499: conv3, 
logic__624: cnn_top__GCB3, 
logic__1336: conv4__GC0, 
one_hot_encoder__parameterized9: conv3, 
case__723: conv1_op__parameterized5__GB0, 
muxpart__511: conv1_op__parameterized5__GB3, 
counter__37: conv3, 
reg__52: cnn_top__GCB3, 
muxpart__143: conv3, 
logic__2163: cnn_top__GCB1, 
logic__48: cnn_top__GCB3, 
counter__35: cnn_top__GCB2, 
logic__1315: conv4__GC0, 
muxpart__386: conv1_op__parameterized5__GB3, 
muxpart__532: cnn_top__GCB1, 
logic__1214: cnn_top__GCB2, 
reg__6: cnn_top__GCB3, 
muxpart__498: conv1_op__parameterized5__GB3, 
muxpart__248: conv3, 
muxpart__476: conv1_op__parameterized5__GB3, 
datapath__31: cnn_top__GCB3, 
logic__534: cnn_top__GCB3, 
logic__758: conv3, 
muxpart__474: conv1_op__parameterized5__GB3, 
logic__206: cnn_top__GCB3, 
logic__109: cnn_top__GCB3, 
case__282: cnn_top__GCB3, 
counter__27: cnn_top__GCB3, 
case__101: cnn_top__GCB3, 
muxpart__299: conv1_op__parameterized5__GB3, 
case__703: conv1_op__parameterized5__GB1, 
case__276: cnn_top__GCB3, 
logic__155: cnn_top__GCB3, conv1_op__parameterized5__GB2, conv1_op__parameterized5__GB1, conv1_op__parameterized5__GB0, conv3, 
case__113: cnn_top__GCB3, 
counter__parameterized5: cnn_top__GCB3, conv4__GC0, conv3, 
datapath__14: cnn_top__GCB3, 
case__721: conv1_op__parameterized5__GB0, 
datapath__80: cnn_top__GCB2, 
case__34: cnn_top__GCB3, cnn_top__GCB2, conv4__GC0, conv1_op__parameterized5__GB3, conv3, 
case__274: cnn_top__GCB3, 
datapath__26: cnn_top__GCB3, 
mux_4x1: cnn_top__GCB3, cnn_top__GCB2, 
muxpart__475: conv1_op__parameterized5__GB3, 
logic__1809: conv1_op__parameterized5__GB3, 
logic__1146: cnn_top__GCB2, 
logic__780: conv3, 
datapath__83: conv4__GC0, 
muxpart__434: conv1_op__parameterized5__GB1, 
logic__516: cnn_top__GCB3, 
muxpart__183: conv3, 
logic__1312: conv4__GC0, 
muxpart__141: conv3, 
case__782: conv1_op__parameterized5__GB0, 
logic__523: cnn_top__GCB3, 
logic__2154: cnn_top__GCB1, 
case__439: conv3, 
case__32: cnn_top__GCB3, 
logic__581: cnn_top__GCB3, 
logic__582: cnn_top__GCB3, 
logic__364: cnn_top__GCB3, 
muxpart__395: conv1_op__parameterized5__GB3, 
logic__996: conv3, 
logic__150: cnn_top__GCB3, conv1_op__parameterized5__GB2, conv1_op__parameterized5__GB1, conv1_op__parameterized5__GB0, conv3, 
logic__1831: conv1_op__parameterized5__GB1, 
datapath__39: cnn_top__GCB3, conv4__GC0, conv3, 
logic__776: conv3, 
muxpart__164: conv3, 
muxpart__411: conv1_op__parameterized5__GB3, 
muxpart__208: conv3, 
case__687: conv1_op__parameterized5__GB3, 
muxpart__530: cnn_top__GCB1, 
logic__1323: conv4__GC0, 
muxpart__85: cnn_top__GCB3, 
logic__1187: cnn_top__GCB2, 
logic__1264: conv4__GC0, 
logic__1828: conv1_op__parameterized5__GB3, 
reg__48: cnn_top__GCB3, cnn_top__GCB2, 
logic__229: cnn_top__GCB3, 
logic__316: cnn_top__GCB3, 
case__689: conv1_op__parameterized5__GB3, 
logic__200: cnn_top__GCB3, 
logic__1764: conv1_op__parameterized5__GB3, 
case__480: conv3, 
muxpart__94: cnn_top__GCB3, 
logic__8: cnn_top__GCB3, 
muxpart__418: conv1_op__parameterized5__GB3, 
logic__410: cnn_top__GCB3, 
conv1_op__parameterized5__GB2: conv1_op__parameterized5__GB2, 
muxpart__377: conv1_op__parameterized5__GB3, 
logic__1257: cnn_top__GCB2, 
logic__2166: cnn_top__GCB1, 
case__207: cnn_top__GCB3, 
muxpart__362: conv1_op__parameterized5__GB3, 
logic__1800: conv1_op__parameterized5__GB3, 
case__450: conv3, 
logic__55: cnn_top__GCB3, 
case__470: conv3, 
case__467: conv3, 
muxpart__58: cnn_top__GCB3, 
logic__767: conv3, 
case__468: conv3, 
datapath__58: cnn_top__GCB2, 
case__284: cnn_top__GCB3, 
muxpart__349: conv1_op__parameterized5__GB3, 
muxpart__315: conv1_op__parameterized5__GB3, 
neuronio: cnn_top__GCB1, 
datapath__22: cnn_top__GCB3, 
muxpart__331: conv1_op__parameterized5__GB3, 
logic__1803: conv1_op__parameterized5__GB3, 
logic__298: cnn_top__GCB3, cnn_top__GCB2, 
case__692: conv1_op__parameterized5__GB3, 
case__42: cnn_top__GCB3, cnn_top__GCB1, conv4__GC0, conv3, 
case__484: conv3, 
logic__366: cnn_top__GCB3, 
case__271: cnn_top__GCB3, 
muxpart__340: conv1_op__parameterized5__GB3, 
case__649: conv1_op__parameterized5__GB3, 
muxpart__314: conv1_op__parameterized5__GB3, 
conv1_op: cnn_top__GCB3, 
logic__694: cnn_top__GCB2, 
logic__141: cnn_top__GCB3, 
case__465: conv3, 
case__261: cnn_top__GCB3, 
datapath__73: cnn_top__GCB2, 
case__691: conv1_op__parameterized5__GB3, 
case__667: conv1_op__parameterized5__GB3, 
case__124: cnn_top__GCB3, 
logic__524: cnn_top__GCB3, 
counter__23: cnn_top__GCB3, 
logic__365: cnn_top__GCB3, 
logic__1007: conv3, 
reg__73: cnn_top__GCB3, 
logic__1049: conv3, 
muxpart__153: conv3, 
muxpart__181: conv3, 
case__461: conv3, 
logic__1263: conv4__GC0, 
logic__1020: conv3, 
case__576: cnn_top__GCB1, conv4__GC0, 
counter__parameterized28: conv4__GC0, 
muxpart__332: conv1_op__parameterized5__GB3, 
logic__1003: conv3, 
case__815: cnn_top__GCB1, 
muxpart__316: conv1_op__parameterized5__GB3, 
reg__45: cnn_top__GCB3, 
logic__175: cnn_top__GCB3, conv1_op__parameterized5__GB1, conv3, 
logic__2152: cnn_top__GCB1, 
logic__1001: conv3, 
logic__1846: conv1_op__parameterized5__GB1, 
counter__45: cnn_top__GCB2, 
counter__43: cnn_top__GCB2, 
muxpart__173: conv3, 
rebuffer_crt__parameterized7: cnn_top__GCB2, 
case__661: conv1_op__parameterized5__GB3, 
logic__2173: cnn_top__GCB1, 
reg__106: cnn_top__GCB2, 
reg__1: cnn_top__GCB3, 
logic__102: cnn_top__GCB3, 
muxpart__189: conv3, 
logic__1140: cnn_top__GCB2, 
logic__1807: conv1_op__parameterized5__GB3, 
muxpart__529: cnn_top__GCB1, 
case__693: conv1_op__parameterized5__GB3, 
muxpart__537: cnn_top__GCB1, 
conv1: cnn_top__GCB3, 
datapath__1: cnn_top__GCB3, 
one_hot_encoder: cnn_top__GCB3, 
muxpart__435: conv1_op__parameterized5__GB1, 
muxpart__549: cnn_top__GCB1, 
datapath__63: conv3, 
case__748: conv1_op__parameterized5__GB0, 
logic__203: cnn_top__GCB3, 
muxpart__307: conv1_op__parameterized5__GB3, 
muxpart__220: conv3, 
logic__362: cnn_top__GCB3, 
reg__26: cnn_top__GCB3, conv1_op__parameterized5__GB2, conv1_op__parameterized5__GB1, conv1_op__parameterized5__GB0, conv3, 
logic__1070: conv3, 
datapath__4: cnn_top__GCB3, 
reg__71: cnn_top__GCB3, 
case__451: conv3, 
muxpart__148: conv3, 
logic__234: cnn_top__GCB3, 
muxpart__412: conv1_op__parameterized5__GB3, 
muxpart__448: conv1_op__parameterized5__GB1, 
muxpart__536: cnn_top__GCB1, 
case__122: cnn_top__GCB3, 
muxpart__65: cnn_top__GCB3, 
logic__1771: conv1_op__parameterized5__GB3, 
case__456: conv3, 
logic__542: cnn_top__GCB3, 
case__743: conv1_op__parameterized5__GB0, 
muxpart__59: cnn_top__GCB3, 
muxpart__442: conv1_op__parameterized5__GB1, 
fc: cnn_top__GCB1, 
logic__2174: cnn_top__GCB1, 
muxpart__293: conv1_op__parameterized5__GB3, 
case__287: cnn_top__GCB3, 
logic__426: cnn_top__GCB3, 
muxpart__242: conv3, 
datapath__62: conv3, 
muxpart__425: conv1_op__parameterized5__GB1, 
logic__754: conv3, 
datapath__41: cnn_top__GCB3, 
case__497: conv3, 
counter__26: cnn_top__GCB3, 
logic__1874: conv1_op__parameterized5__GB1, 
generic_ram_bbox_11: cnn_top__GCB3, cnn_top__GCB2, 
counter__parameterized24: conv4__GC0, 
muxpart__414: conv1_op__parameterized5__GB3, 
case__633: conv1_op__parameterized5__GB3, 
muxpart__302: conv1_op__parameterized5__GB3, 
logic__1011: conv3, 
logic__2: cnn_top__GCB3, 
counter__39: cnn_top__GCB2, 
muxpart__338: conv1_op__parameterized5__GB3, 
logic__756: conv3, 
logic__770: conv3, 
logic__156: cnn_top__GCB3, conv1_op__parameterized5__GB2, conv1_op__parameterized5__GB1, conv1_op__parameterized5__GB0, conv3, 
muxpart__393: conv1_op__parameterized5__GB3, 
pool1_op__parameterized3: cnn_top__GCB2, 
muxpart__427: conv1_op__parameterized5__GB1, 
muxpart__230: conv3, 
logic__749: conv3, 
muxpart__488: conv1_op__parameterized5__GB3, 
muxpart__82: cnn_top__GCB3, 
conv1_op__parameterized5__GB0: conv1_op__parameterized5__GB0, 
case__705: conv1_op__parameterized5__GB1, 
case__739: conv1_op__parameterized5__GB0, 
muxpart__447: conv1_op__parameterized5__GB1, 
case__428: conv3, 
case__114: cnn_top__GCB3, 
muxpart__219: conv3, 
muxpart__167: conv3, 
case__501: conv3, 
muxpart__202: conv3, 
logic__135: cnn_top__GCB3, 
logic__556: cnn_top__GCB3, 
logic__414: cnn_top__GCB3, 
logic__1021: conv3, 
muxpart__429: conv1_op__parameterized5__GB1, 
case__336: cnn_top__GCB3, 
muxpart__182: conv3, 
logic__1802: conv1_op__parameterized5__GB3, 
logic__2169: cnn_top__GCB1, 
muxpart__201: conv3, 
muxpart__409: conv1_op__parameterized5__GB3, 
case__645: conv1_op__parameterized5__GB3, 
case__679: conv1_op__parameterized5__GB3, 
logic__517: cnn_top__GCB3, 
reg__109: cnn_top__GCB1, conv4__GC0, 
muxpart__236: conv3, 
muxpart__422: conv1_op__parameterized5__GB1, 
muxpart__209: conv3, 
case__492: conv3, 
case__720: conv1_op__parameterized5__GB0, 
case__93: cnn_top__GCB3, 
muxpart__484: conv1_op__parameterized5__GB3, 
case__498: conv3, 
counter__6: cnn_top__GCB3, 
logic__408: cnn_top__GCB3, 
muxpart__483: conv1_op__parameterized5__GB3, 
reg__27: cnn_top__GCB3, conv1_op__parameterized5__GB2, conv1_op__parameterized5__GB1, conv1_op__parameterized5__GB0, conv3, 
logic__1788: conv1_op__parameterized5__GB3, 
logic__2155: cnn_top__GCB1, 
conv1_bias_bbox_4: cnn_top__GCB3, 
muxpart__428: conv1_op__parameterized5__GB1, 
muxpart__325: conv1_op__parameterized5__GB3, 
logic__1316: conv4__GC0, 
case__479: conv3, 
case__173: cnn_top__GCB3, cnn_top__GCB2, 
case__459: conv3, 
muxpart__544: cnn_top__GCB1, 
logic__3: cnn_top__GCB3, 
muxpart__76: cnn_top__GCB3, 
generic_multiplexer__parameterized5: conv1_op__parameterized5__GB0, 
logic__359: cnn_top__GCB3, 
datapath__53: cnn_top__GCB2, 
muxpart__390: conv1_op__parameterized5__GB3, 
logic__1009: conv3, 
logic__1799: conv1_op__parameterized5__GB3, 
case__628: conv1_op__parameterized5__GB3, 
logic__445: cnn_top__GCB3, 
logic__2180: cnn_top__GCB1, 
muxpart__559: cnn_top__GCB1, 
logic__204: cnn_top__GCB3, 
logic__1317: conv4__GC0, 
logic__1308: conv4__GC0, 
case__206: cnn_top__GCB3, 
logic__2182: cnn_top__GCB1, 
reg__25: cnn_top__GCB3, conv1_op__parameterized5__GB2, conv1_op__parameterized5__GB1, conv1_op__parameterized5__GB0, conv3, 
datapath__68: cnn_top__GCB2, 
counter__4: cnn_top__GCB3, 
cnn_top__GCB3: cnn_top__GCB3, 
reg__77: cnn_top__GCB2, 
case__453: conv3, 
counter__8: cnn_top__GCB3, 
muxpart__199: conv3, 
case__265: cnn_top__GCB3, 
case__422: conv3, 
logic__1010: conv3, 
logic__1143: cnn_top__GCB2, 
logic__2157: cnn_top__GCB1, 
case__111: cnn_top__GCB3, cnn_top__GCB2, conv3, 
counter__parameterized3: cnn_top__GCB3, conv4__GC0, conv3, 
logic__61: cnn_top__GCB3, 
case__674: conv1_op__parameterized5__GB3, 
muxpart__174: conv3, 
case__639: conv1_op__parameterized5__GB3, 
case__368: cnn_top__GCB2, 
reg__114: cnn_top__GCB1, 
case__708: conv1_op__parameterized5__GB1, 
logic__1077: conv3, 
counter__18: cnn_top__GCB3, 
logic__2164: cnn_top__GCB1, 
reg__37: cnn_top__GCB3, 
logic__759: conv3, 
case__419: conv3, 
muxpart__319: conv1_op__parameterized5__GB3, 
logic__997: conv3, 
generic_multiplexer__parameterized3: conv3, 
case__685: conv1_op__parameterized5__GB3, 
muxpart__480: conv1_op__parameterized5__GB3, 
muxpart__224: conv3, 
muxpart__368: conv1_op__parameterized5__GB3, 
case__757: conv1_op__parameterized5__GB2, 
datapath__35: cnn_top__GCB3, 
conv2_weights_bbox_13: cnn_top__GCB3, 
muxpart__502: conv1_op__parameterized5__GB3, 
case__116: cnn_top__GCB3, 
rebuff1__parameterized1: cnn_top__GCB3, 
logic__702: conv3, 
case__289: cnn_top__GCB3, 
muxpart__297: conv1_op__parameterized5__GB3, 
logic__1797: conv1_op__parameterized5__GB3, 
logic__1144: cnn_top__GCB2, 
muxpart__235: conv3, 
case__670: conv1_op__parameterized5__GB3, 
logic__110: cnn_top__GCB3, 
muxpart__137: conv3, 
case__272: cnn_top__GCB3, 
case__99: cnn_top__GCB3, conv1_op__parameterized5__GB2, conv1_op__parameterized5__GB1, conv1_op__parameterized5__GB0, conv3, 
case__680: conv1_op__parameterized5__GB3, 
muxpart__300: conv1_op__parameterized5__GB3, 
case__119: cnn_top__GCB3, 
counter__3: cnn_top__GCB3, 
case__646: conv1_op__parameterized5__GB3, 
muxpart__469: conv1_op__parameterized5__GB3, 
muxpart__534: cnn_top__GCB1, 
logic__1215: cnn_top__GCB2, 
case__112: cnn_top__GCB3, 
logic__2056: cnn_top__GCB1, 
muxpart__443: conv1_op__parameterized5__GB1, 
case__657: conv1_op__parameterized5__GB3, 
counter__21: cnn_top__GCB3, 
case__759: conv1_op__parameterized5__GB2, 
logic__310: cnn_top__GCB3, 
muxpart__194: conv3, 
case__40: cnn_top__GCB3, conv4__GC0, conv3, 
muxpart__400: conv1_op__parameterized5__GB3, 
case__449: conv3, 
case__681: conv1_op__parameterized5__GB3, 
muxpart__513: conv1_op__parameterized5__GB3, 
counter__31: cnn_top__GCB2, 
case__457: conv3, 
case__731: conv1_op__parameterized5__GB1, 
reg__96: cnn_top__GCB2, 
logic__11: cnn_top__GCB3, 
case__485: conv3, 
generic_multiplexer__parameterized1: cnn_top__GCB3, 
logic__1340: conv4__GC0, 
logic__1013: conv3, 
logic__1812: conv1_op__parameterized5__GB3, 
max_pooling: cnn_top__GCB3, cnn_top__GCB2, 
muxpart__306: conv1_op__parameterized5__GB3, 
muxpart__213: conv3, 
reg__33: cnn_top__GCB3, conv1_op__parameterized5__GB2, conv1_op__parameterized5__GB1, conv1_op__parameterized5__GB0, conv3, 
logic__1793: conv1_op__parameterized5__GB3, 
case__429: conv3, 
case__106: cnn_top__GCB3, 
logic__409: cnn_top__GCB3, 
logic__2179: cnn_top__GCB1, 
case__424: conv3, 
datapath__44: cnn_top__GCB3, 
io_buffer__parameterized2: cnn_top__GCB3, cnn_top__GCB2, conv3, 
muxpart__298: conv1_op__parameterized5__GB3, 
logic__54: cnn_top__GCB3, cnn_top__GCB2, 
case__781: conv1_op__parameterized5__GB0, 
logic__697: cnn_top__GCB2, 
logic__1266: conv4__GC0, 
case__737: conv1_op__parameterized5__GB1, 
logic__1: cnn_top__GCB3, 
muxpart__237: conv3, 
muxpart__500: conv1_op__parameterized5__GB3, 
case__751: conv1_op__parameterized5__GB2, 
logic__1787: conv1_op__parameterized5__GB3, 
muxpart__178: conv3, 
reg__19: cnn_top__GCB3, conv1_op__parameterized5__GB2, conv1_op__parameterized5__GB1, conv1_op__parameterized5__GB0, conv3, 
case__746: conv1_op__parameterized5__GB0, 
logic__1319: conv4__GC0, 
case__773: conv1_op__parameterized5__GB1, 
muxpart__458: conv1_op__parameterized5__GB3, 
case__481: conv3, 
muxpart__227: conv3, 
logic__162: cnn_top__GCB3, conv1_op__parameterized5__GB2, conv1_op__parameterized5__GB1, conv1_op__parameterized5__GB0, conv3, 
pool1__parameterized1: cnn_top__GCB3, 
